// Jest Snapshot v1, https://goo.gl/fbAQLP

exports[`SearchField should render SerachField component 1`] = `"<input type=\\"text\\" class=\\"search-input\\" value=\\"blah\\" placeholder=\\"Search images here\\"/>"`;
