// Jest Snapshot v1, https://goo.gl/fbAQLP

exports[`App renders without crashing 1`] = `"<div class=\\"app\\"><div class=\\"app-header\\"><span class=\\"app-title\\">Flickr Photo Search</span><input type=\\"text\\" class=\\"search-input\\" placeholder=\\"Search images here\\" value=\\"\\"></div><div class=\\"app-content\\"></div></div>"`;
